The device was asked to reboot into BOOTSEL mode so the command can be executed.

Saving file:          [                              ]  0%
Saving file:          [                              ]  1%
Saving file:          [                              ]  2%
Saving file:          [                              ]  3%
Saving file:          [=                             ]  4%
Saving file:          [=                             ]  5%
Saving file:          [=                             ]  6%
Saving file:          [==                            ]  7%
Saving file:          [==                            ]  8%
Saving file:          [==                            ]  9%
Saving file:          [===                           ]  10%
Saving file:          [===                           ]  11%
Saving file:          [===                           ]  12%
Saving file:          [===                           ]  13%
Saving file:          [====                          ]  14%
Saving file:          [====                          ]  15%
Saving file:          [====                          ]  16%
Saving file:          [=====                         ]  17%
Saving file:          [=====                         ]  18%
Saving file:          [=====                         ]  19%
Saving file:          [======                        ]  20%
Saving file:          [======                        ]  21%
Saving file:          [======                        ]  22%
Saving file:          [======                        ]  23%
Saving file:          [=======                       ]  24%
Saving file:          [=======                       ]  25%
Saving file:          [=======                       ]  26%
Saving file:          [========                      ]  27%
Saving file:          [========                      ]  28%
Saving file:          [========                      ]  29%
Saving file:          [=========                     ]  30%
Saving file:          [=========                     ]  31%
Saving file:          [=========                     ]  32%
Saving file:          [=========                     ]  33%
Saving file:          [==========                    ]  34%
Saving file:          [==========                    ]  35%
Saving file:          [==========                    ]  36%
Saving file:          [===========                   ]  37%
Saving file:          [===========                   ]  38%
Saving file:          [===========                   ]  39%
Saving file:          [============                  ]  41%
Saving file:          [============                  ]  42%
Saving file:          [============                  ]  43%
Saving file:          [=============                 ]  44%
Saving file:          [=============                 ]  45%
Saving file:          [=============                 ]  46%
Saving file:          [==============                ]  47%
Saving file:          [==============                ]  48%
Saving file:          [==============                ]  49%
Saving file:          [===============               ]  50%
Saving file:          [===============               ]  51%
Saving file:          [===============               ]  52%
Saving file:          [===============               ]  53%
Saving file:          [================              ]  54%
Saving file:          [================              ]  55%
Saving file:          [================              ]  56%
Saving file:          [=================             ]  57%
Saving file:          [=================             ]  58%
Saving file:          [=================             ]  59%
Saving file:          [==================            ]  60%
Saving file:          [==================            ]  61%
Saving file:          [==================            ]  62%
Saving file:          [==================            ]  63%
Saving file:          [===================           ]  64%
Saving file:          [===================           ]  65%
Saving file:          [===================           ]  66%
Saving file:          [====================          ]  67%
Saving file:          [====================          ]  68%
Saving file:          [====================          ]  69%
Saving file:          [=====================         ]  70%
Saving file:          [=====================         ]  71%
Saving file:          [=====================         ]  72%
Saving file:          [=====================         ]  73%
Saving file:          [======================        ]  74%
Saving file:          [======================        ]  75%
Saving file:          [======================        ]  76%
Saving file:          [=======================       ]  77%
Saving file:          [=======================       ]  78%
Saving file:          [=======================       ]  79%
Saving file:          [========================      ]  81%
Saving file:          [========================      ]  82%
Saving file:          [========================      ]  83%
Saving file:          [=========================     ]  84%
Saving file:          [=========================     ]  85%
Saving file:          [=========================     ]  86%
Saving file:          [==========================    ]  87%
Saving file:          [==========================    ]  88%
Saving file:          [==========================    ]  89%
Saving file:          [===========================   ]  90%
Saving file:          [===========================   ]  91%
Saving file:          [===========================   ]  92%
Saving file:          [===========================   ]  93%
Saving file:          [============================  ]  94%
Saving file:          [============================  ]  95%
Saving file:          [============================  ]  96%
Saving file:          [============================= ]  97%
Saving file:          [============================= ]  98%
Saving file:          [============================= ]  99%
Saving file:          [==============================]  100%
Wrote 16777216 bytes to /media/ngrabbs/BACKUP-A/ember-autotelem-20261003/ihu-before-autotelem.uf2
Verifying Flash:      [                              ]  0%
Verifying Flash:      [                              ]  1%
Verifying Flash:      [                              ]  2%
Verifying Flash:      [                              ]  3%
Verifying Flash:      [=                             ]  4%
Verifying Flash:      [=                             ]  5%
Verifying Flash:      [=                             ]  6%
Verifying Flash:      [==                            ]  7%
Verifying Flash:      [==                            ]  8%
Verifying Flash:      [==                            ]  9%
Verifying Flash:      [===                           ]  10%
Verifying Flash:      [===                           ]  11%
Verifying Flash:      [===                           ]  12%
Verifying Flash:      [===                           ]  13%
Verifying Flash:      [====                          ]  14%
Verifying Flash:      [====                          ]  15%
Verifying Flash:      [====                          ]  16%
Verifying Flash:      [=====                         ]  17%
Verifying Flash:      [=====                         ]  18%
Verifying Flash:      [=====                         ]  19%
Verifying Flash:      [======                        ]  20%
Verifying Flash:      [======                        ]  21%
Verifying Flash:      [======                        ]  22%
Verifying Flash:      [======                        ]  23%
Verifying Flash:      [=======                       ]  24%
Verifying Flash:      [=======                       ]  25%
Verifying Flash:      [=======                       ]  26%
Verifying Flash:      [========                      ]  27%
Verifying Flash:      [========                      ]  28%
Verifying Flash:      [========                      ]  29%
Verifying Flash:      [=========                     ]  30%
Verifying Flash:      [=========                     ]  31%
Verifying Flash:      [=========                     ]  32%
Verifying Flash:      [=========                     ]  33%
Verifying Flash:      [==========                    ]  34%
Verifying Flash:      [==========                    ]  35%
Verifying Flash:      [==========                    ]  36%
Verifying Flash:      [===========                   ]  37%
Verifying Flash:      [===========                   ]  38%
Verifying Flash:      [===========                   ]  39%
Verifying Flash:      [============                  ]  41%
Verifying Flash:      [============                  ]  42%
Verifying Flash:      [============                  ]  43%
Verifying Flash:      [=============                 ]  44%
Verifying Flash:      [=============                 ]  45%
Verifying Flash:      [=============                 ]  46%
Verifying Flash:      [==============                ]  47%
Verifying Flash:      [==============                ]  48%
Verifying Flash:      [==============                ]  49%
Verifying Flash:      [===============               ]  50%
Verifying Flash:      [===============               ]  51%
Verifying Flash:      [===============               ]  52%
Verifying Flash:      [===============               ]  53%
Verifying Flash:      [================              ]  54%
Verifying Flash:      [================              ]  55%
Verifying Flash:      [================              ]  56%
Verifying Flash:      [=================             ]  57%
Verifying Flash:      [=================             ]  58%
Verifying Flash:      [=================             ]  59%
Verifying Flash:      [==================            ]  60%
Verifying Flash:      [==================            ]  61%
Verifying Flash:      [==================            ]  62%
Verifying Flash:      [==================            ]  63%
Verifying Flash:      [===================           ]  64%
Verifying Flash:      [===================           ]  65%
Verifying Flash:      [===================           ]  66%
Verifying Flash:      [====================          ]  67%
Verifying Flash:      [====================          ]  68%
Verifying Flash:      [====================          ]  69%
Verifying Flash:      [=====================         ]  70%
Verifying Flash:      [=====================         ]  71%
Verifying Flash:      [=====================         ]  72%
Verifying Flash:      [=====================         ]  73%
Verifying Flash:      [======================        ]  74%
Verifying Flash:      [======================        ]  75%
Verifying Flash:      [======================        ]  76%
Verifying Flash:      [=======================       ]  77%
Verifying Flash:      [=======================       ]  78%
Verifying Flash:      [=======================       ]  79%
Verifying Flash:      [========================      ]  81%
Verifying Flash:      [========================      ]  82%
Verifying Flash:      [========================      ]  83%
Verifying Flash:      [=========================     ]  84%
Verifying Flash:      [=========================     ]  85%
Verifying Flash:      [=========================     ]  86%
Verifying Flash:      [==========================    ]  87%
Verifying Flash:      [==========================    ]  88%
Verifying Flash:      [==========================    ]  89%
Verifying Flash:      [===========================   ]  90%
Verifying Flash:      [===========================   ]  91%
Verifying Flash:      [===========================   ]  92%
Verifying Flash:      [===========================   ]  93%
Verifying Flash:      [============================  ]  94%
Verifying Flash:      [============================  ]  95%
Verifying Flash:      [============================  ]  96%
Verifying Flash:      [============================= ]  97%
Verifying Flash:      [============================= ]  98%
Verifying Flash:      [============================= ]  99%
Verifying Flash:      [==============================]  100%
  OK

The device has been left accessible, but without the drive mounted; use
'picotool reboot' to reboot into regular BOOTSEL mode or application mode.
