[  0%] Building ASM object pico-sdk/src/rp2040/boot_stage2/CMakeFiles/bs2_default.dir/compile_time_choice.S.o
[  0%] Built target picotoolForceReconfigure
[  1%] Linking ASM executable bs2_default.elf
[  2%] Creating directories for 'picotoolBuild'
[  3%] No download step for 'picotoolBuild'
[  3%] Built target bs2_default
[  3%] Generating bs2_default.bin
[  4%] Generating bs2_default_padded_checksummed.S
[  4%] No update step for 'picotoolBuild'
[  4%] No patch step for 'picotoolBuild'
[  5%] Building ASM object pico-sdk/src/rp2040/boot_stage2/CMakeFiles/bs2_default_library.dir/bs2_default_padded_checksummed.S.o
[  5%] Performing configure step for 'picotoolBuild'
[  5%] Built target bs2_default_library
Not searching for unused variables given on the command line.
-- The C compiler identification is GNU 14.2.0
-- The CXX compiler identification is GNU 14.2.0
-- Detecting C compiler ABI info
-- Detecting C compiler ABI info - done
-- Check for working C compiler: /usr/bin/cc - skipped
-- Detecting C compile features
-- Detecting C compile features - done
-- Detecting CXX compiler ABI info
-- Detecting CXX compiler ABI info - done
-- Check for working CXX compiler: /usr/bin/c++ - skipped
-- Detecting CXX compile features
-- Detecting CXX compile features - done
-- Using the single-header code from /workspace/MSU_Cubesat/ember-autotelem-20261003/build/_deps/picotool-src/lib/nlohmann_json/single_include/
PICOTOOL_NO_LIBUSB is set - no USB support will be built
-- Configuring done (0.3s)
-- Generating done (0.0s)
-- Build files have been written to: /workspace/MSU_Cubesat/ember-autotelem-20261003/build/_deps/picotool-build
[  6%] Performing build step for 'picotoolBuild'
[  3%] Built target unreadable_rom_data
-- The C compiler identification is GNU 14.2.0
-- The C compiler identification is GNU 14.2.0
-- The CXX compiler identification is GNU 14.2.0
-- The CXX compiler identification is GNU 14.2.0
[  5%] Built target errors
-- The ASM compiler identification is GNU
-- The ASM compiler identification is GNU
-- Found assembler: /usr/bin/cc
-- Found assembler: /usr/bin/cc
-- Detecting C compiler ABI info
-- Detecting C compiler ABI info
-- Detecting C compiler ABI info - done
-- Detecting C compiler ABI info - done
-- Check for working C compiler: /usr/bin/cc - skipped
-- Detecting C compile features
-- Detecting C compile features - done
-- Check for working C compiler: /usr/bin/cc - skipped
-- Detecting C compile features
-- Detecting C compile features - done
-- Detecting CXX compiler ABI info
-- Detecting CXX compiler ABI info
-- Detecting CXX compiler ABI info - done
-- Detecting CXX compiler ABI info - done
-- Check for working CXX compiler: /usr/bin/c++ - skipped
-- Check for working CXX compiler: /usr/bin/c++ - skipped
-- Detecting CXX compile features
-- Detecting CXX compile features
-- Detecting CXX compile features - done
-- Detecting CXX compile features - done
Using precompiled enc_bootloader.elf
-- Configuring done (0.3s)
Using precompiled enc_bootloader.elf
-- Generating done (0.0s)
-- Configuring done (0.3s)
-- Build files have been written to: /workspace/MSU_Cubesat/ember-autotelem-20261003/build/_deps/picotool-build/enc_bootloader
-- Generating done (0.0s)
-- Build files have been written to: /workspace/MSU_Cubesat/ember-autotelem-20261003/build/_deps/picotool-build/enc_bootloader_mbedtls
[ 18%] Built target enc_bootloader_mbedtls
[ 18%] Built target enc_bootloader
[ 20%] Built target model
[ 22%] Built target embedded_data_no_libusb
[ 88%] Built target mbedtls
[ 90%] Built target elf
[ 91%] Built target elf2uf2
[ 93%] Built target bintool
[100%] Built target picotool
[  6%] Performing install step for 'picotoolBuild'
[  3%] Built target unreadable_rom_data
[  5%] Built target errors
[  7%] Built target model
[ 73%] Built target mbedtls
[ 75%] Built target elf
[ 81%] Built target enc_bootloader_mbedtls
[ 88%] Built target enc_bootloader
[ 89%] Built target elf2uf2
[ 91%] Built target bintool
[ 93%] Built target embedded_data_no_libusb
[100%] Built target picotool
Install the project...
-- Install configuration: "Release"
[  7%] Performing test step for 'picotoolBuild'
picotool v2.3.2-develop (Linux, GNU-14.2.0, Release)

This version of picotool was compiled without USB support. Some commands are not available.
[  7%] Completed 'picotoolBuild'
[  7%] Built target picotoolBuild
[  9%] Building C object CMakeFiles/ember_comms_can_bench.dir/main.c.o
[  9%] Building C object CMakeFiles/ember_ihu_can_bench.dir/main.c.o
[  9%] Building C object CMakeFiles/ember_comms_can_bench.dir/workspace/MSU_Cubesat/ember-autotelem-20261003/firmware/comms_transport/mcp25625.c.o
[  9%] Building C object CMakeFiles/ember_ihu_can_bench.dir/workspace/MSU_Cubesat/ember-autotelem-20261003/firmware/comms_transport/mcp25625.c.o
[ 10%] Building C object CMakeFiles/ember_ihu_can_bench.dir/opt/pico-sdk/src/rp2_common/pico_stdlib/stdlib.c.o
[ 10%] Building C object CMakeFiles/ember_comms_can_bench.dir/opt/pico-sdk/src/rp2_common/pico_stdlib/stdlib.c.o
[ 11%] Building C object CMakeFiles/ember_comms_can_bench.dir/opt/pico-sdk/src/rp2_common/hardware_gpio/gpio.c.o
[ 11%] Building C object CMakeFiles/ember_ihu_can_bench.dir/opt/pico-sdk/src/rp2_common/hardware_gpio/gpio.c.o
[ 13%] Building C object CMakeFiles/ember_ihu_can_bench.dir/opt/pico-sdk/src/rp2040/pico_platform/platform.c.o
[ 13%] Building C object CMakeFiles/ember_comms_can_bench.dir/opt/pico-sdk/src/rp2040/pico_platform/platform.c.o
[ 13%] Building C object CMakeFiles/ember_ihu_can_bench.dir/opt/pico-sdk/src/rp2_common/pico_platform_panic/panic.c.o
[ 13%] Building C object CMakeFiles/ember_comms_can_bench.dir/opt/pico-sdk/src/rp2_common/pico_platform_panic/panic.c.o
[ 13%] Building C object CMakeFiles/ember_ihu_can_bench.dir/opt/pico-sdk/src/rp2_common/hardware_sync/sync.c.o
[ 14%] Building C object CMakeFiles/ember_ihu_can_bench.dir/opt/pico-sdk/src/common/hardware_claim/claim.c.o
[ 15%] Building C object CMakeFiles/ember_ihu_can_bench.dir/opt/pico-sdk/src/rp2_common/hardware_sync_spin_lock/sync_spin_lock.c.o
[ 15%] Building C object CMakeFiles/ember_ihu_can_bench.dir/opt/pico-sdk/src/rp2_common/hardware_irq/irq.c.o
[ 16%] Building ASM object CMakeFiles/ember_ihu_can_bench.dir/opt/pico-sdk/src/rp2_common/hardware_irq/irq_handler_chain.S.o
[ 16%] Building C object CMakeFiles/ember_ihu_can_bench.dir/opt/pico-sdk/src/common/pico_sync/sem.c.o
[ 17%] Building C object CMakeFiles/ember_ihu_can_bench.dir/opt/pico-sdk/src/common/pico_sync/mutex.c.o
[ 17%] Building C object CMakeFiles/ember_ihu_can_bench.dir/opt/pico-sdk/src/common/pico_sync/lock_core.c.o
[ 18%] Building C object CMakeFiles/ember_comms_can_bench.dir/opt/pico-sdk/src/common/hardware_claim/claim.c.o
[ 20%] Building C object CMakeFiles/ember_ihu_can_bench.dir/opt/pico-sdk/src/common/pico_sync/critical_section.c.o
[ 20%] Building C object CMakeFiles/ember_comms_can_bench.dir/opt/pico-sdk/src/rp2_common/hardware_sync/sync.c.o
[ 20%] Building C object CMakeFiles/ember_ihu_can_bench.dir/opt/pico-sdk/src/common/pico_time/time.c.o
[ 21%] Building C object CMakeFiles/ember_comms_can_bench.dir/opt/pico-sdk/src/rp2_common/hardware_sync_spin_lock/sync_spin_lock.c.o
[ 22%] Building C object CMakeFiles/ember_ihu_can_bench.dir/opt/pico-sdk/src/common/pico_time/timeout_helper.c.o
[ 22%] Building C object CMakeFiles/ember_comms_can_bench.dir/opt/pico-sdk/src/rp2_common/hardware_irq/irq.c.o
[ 22%] Building C object CMakeFiles/ember_ihu_can_bench.dir/opt/pico-sdk/src/rp2_common/hardware_timer/timer.c.o
[ 23%] Building C object CMakeFiles/ember_ihu_can_bench.dir/opt/pico-sdk/src/common/pico_util/datetime.c.o
[ 24%] Building ASM object CMakeFiles/ember_comms_can_bench.dir/opt/pico-sdk/src/rp2_common/hardware_irq/irq_handler_chain.S.o
[ 24%] Building C object CMakeFiles/ember_comms_can_bench.dir/opt/pico-sdk/src/common/pico_sync/sem.c.o
[ 24%] Building C object CMakeFiles/ember_ihu_can_bench.dir/opt/pico-sdk/src/common/pico_util/pheap.c.o
[ 25%] Building C object CMakeFiles/ember_ihu_can_bench.dir/opt/pico-sdk/src/common/pico_util/queue.c.o
[ 25%] Building C object CMakeFiles/ember_ihu_can_bench.dir/opt/pico-sdk/src/rp2_common/hardware_uart/uart.c.o
[ 26%] Building C object CMakeFiles/ember_comms_can_bench.dir/opt/pico-sdk/src/common/pico_sync/lock_core.c.o
[ 27%] Building C object CMakeFiles/ember_ihu_can_bench.dir/opt/pico-sdk/src/rp2_common/hardware_clocks/clocks.c.o
[ 27%] Building C object CMakeFiles/ember_ihu_can_bench.dir/opt/pico-sdk/src/rp2_common/hardware_pll/pll.c.o
[ 27%] Building C object CMakeFiles/ember_comms_can_bench.dir/opt/pico-sdk/src/common/pico_sync/mutex.c.o
[ 28%] Building C object CMakeFiles/ember_ihu_can_bench.dir/opt/pico-sdk/src/rp2_common/hardware_vreg/vreg.c.o
[ 28%] Building C object CMakeFiles/ember_ihu_can_bench.dir/opt/pico-sdk/src/rp2_common/hardware_watchdog/watchdog.c.o
[ 29%] Building C object CMakeFiles/ember_ihu_can_bench.dir/opt/pico-sdk/src/rp2_common/hardware_ticks/ticks.c.o
[ 29%] Building C object CMakeFiles/ember_ihu_can_bench.dir/opt/pico-sdk/src/rp2_common/pico_bootrom/bootrom.c.o
[ 30%] Building C object CMakeFiles/ember_comms_can_bench.dir/opt/pico-sdk/src/common/pico_sync/critical_section.c.o
[ 31%] Building C object CMakeFiles/ember_ihu_can_bench.dir/opt/pico-sdk/src/rp2_common/pico_bootrom/bootrom_lock.c.o
[ 31%] Building C object CMakeFiles/ember_ihu_can_bench.dir/opt/pico-sdk/src/rp2_common/hardware_boot_lock/boot_lock.c.o
[ 31%] Building C object CMakeFiles/ember_comms_can_bench.dir/opt/pico-sdk/src/common/pico_time/time.c.o
[ 32%] Building C object CMakeFiles/ember_ihu_can_bench.dir/opt/pico-sdk/src/rp2_common/pico_flash/flash.c.o
[ 32%] Building C object CMakeFiles/ember_ihu_can_bench.dir/opt/pico-sdk/src/rp2_common/hardware_xosc/xosc.c.o
[ 33%] Building ASM object CMakeFiles/ember_ihu_can_bench.dir/opt/pico-sdk/src/rp2_common/hardware_divider/divider.S.o
[ 33%] Building C object CMakeFiles/ember_ihu_can_bench.dir/opt/pico-sdk/src/rp2_common/pico_runtime/runtime.c.o
[ 34%] Building C object CMakeFiles/ember_ihu_can_bench.dir/opt/pico-sdk/src/rp2_common/pico_runtime_init/runtime_init.c.o
[ 34%] Building C object CMakeFiles/ember_ihu_can_bench.dir/opt/pico-sdk/src/rp2_common/pico_runtime_init/runtime_init_clocks.c.o
[ 35%] Building C object CMakeFiles/ember_ihu_can_bench.dir/opt/pico-sdk/src/rp2_common/pico_runtime_init/runtime_init_stack_guard.c.o
[ 35%] Building ASM object CMakeFiles/ember_ihu_can_bench.dir/opt/pico-sdk/src/rp2_common/pico_bit_ops/bit_ops_aeabi.S.o
[ 36%] Building ASM object CMakeFiles/ember_ihu_can_bench.dir/opt/pico-sdk/src/rp2_common/pico_divider/divider_hardware.S.o
[ 38%] Building C object CMakeFiles/ember_comms_can_bench.dir/opt/pico-sdk/src/common/pico_time/timeout_helper.c.o
[ 38%] Building ASM object CMakeFiles/ember_ihu_can_bench.dir/opt/pico-sdk/src/rp2_common/pico_double/double_aeabi_rp2040.S.o
[ 38%] Building C object CMakeFiles/ember_ihu_can_bench.dir/opt/pico-sdk/src/rp2_common/pico_double/double_init_rom_rp2040.c.o
[ 38%] Building C object CMakeFiles/ember_comms_can_bench.dir/opt/pico-sdk/src/rp2_common/hardware_timer/timer.c.o
[ 40%] Building C object CMakeFiles/ember_comms_can_bench.dir/opt/pico-sdk/src/common/pico_util/datetime.c.o
[ 40%] Building C object CMakeFiles/ember_ihu_can_bench.dir/opt/pico-sdk/src/rp2_common/pico_double/double_math.c.o
[ 40%] Building C object CMakeFiles/ember_comms_can_bench.dir/opt/pico-sdk/src/common/pico_util/pheap.c.o
[ 41%] Building C object CMakeFiles/ember_comms_can_bench.dir/opt/pico-sdk/src/common/pico_util/queue.c.o
[ 41%] Building C object CMakeFiles/ember_comms_can_bench.dir/opt/pico-sdk/src/rp2_common/hardware_uart/uart.c.o
[ 42%] Building ASM object CMakeFiles/ember_ihu_can_bench.dir/opt/pico-sdk/src/rp2_common/pico_double/double_v1_rom_shim_rp2040.S.o
[ 42%] Building ASM object CMakeFiles/ember_ihu_can_bench.dir/opt/pico-sdk/src/rp2_common/pico_int64_ops/pico_int64_ops_aeabi.S.o
[ 43%] Building ASM object CMakeFiles/ember_ihu_can_bench.dir/opt/pico-sdk/src/rp2_common/pico_float/float_aeabi_rp2040.S.o
[ 44%] Building C object CMakeFiles/ember_comms_can_bench.dir/opt/pico-sdk/src/rp2_common/hardware_clocks/clocks.c.o
[ 44%] Building C object CMakeFiles/ember_ihu_can_bench.dir/opt/pico-sdk/src/rp2_common/pico_float/float_init_rom_rp2040.c.o
[ 45%] Building C object CMakeFiles/ember_ihu_can_bench.dir/opt/pico-sdk/src/rp2_common/pico_float/float_math.c.o
[ 45%] Building ASM object CMakeFiles/ember_ihu_can_bench.dir/opt/pico-sdk/src/rp2_common/pico_float/float_v1_rom_shim_rp2040.S.o
[ 45%] Building C object CMakeFiles/ember_comms_can_bench.dir/opt/pico-sdk/src/rp2_common/hardware_pll/pll.c.o
[ 46%] Building C object CMakeFiles/ember_ihu_can_bench.dir/opt/pico-sdk/src/rp2_common/pico_malloc/malloc.c.o
[ 47%] Building C object CMakeFiles/ember_comms_can_bench.dir/opt/pico-sdk/src/rp2_common/hardware_vreg/vreg.c.o
[ 47%] Building ASM object CMakeFiles/ember_ihu_can_bench.dir/opt/pico-sdk/src/rp2_common/pico_mem_ops/mem_ops_aeabi.S.o
[ 48%] Building C object CMakeFiles/ember_comms_can_bench.dir/opt/pico-sdk/src/rp2_common/hardware_watchdog/watchdog.c.o
[ 48%] Building C object CMakeFiles/ember_ihu_can_bench.dir/opt/pico-sdk/src/rp2_common/pico_atomic/atomic.c.o
[ 49%] Building C object CMakeFiles/ember_comms_can_bench.dir/opt/pico-sdk/src/rp2_common/hardware_ticks/ticks.c.o
[ 49%] Building C object CMakeFiles/ember_comms_can_bench.dir/opt/pico-sdk/src/rp2_common/pico_bootrom/bootrom.c.o
[ 50%] Building C object CMakeFiles/ember_comms_can_bench.dir/opt/pico-sdk/src/rp2_common/pico_bootrom/bootrom_lock.c.o
[ 50%] Building CXX object CMakeFiles/ember_ihu_can_bench.dir/opt/pico-sdk/src/rp2_common/pico_cxx_options/new_delete.cpp.o
[ 51%] Building C object CMakeFiles/ember_ihu_can_bench.dir/opt/pico-sdk/src/rp2_common/pico_standard_binary_info/standard_binary_info.c.o
[ 51%] Building C object CMakeFiles/ember_comms_can_bench.dir/opt/pico-sdk/src/rp2_common/hardware_boot_lock/boot_lock.c.o
[ 52%] Building C object CMakeFiles/ember_comms_can_bench.dir/opt/pico-sdk/src/rp2_common/pico_flash/flash.c.o
[ 53%] Building C object CMakeFiles/ember_ihu_can_bench.dir/opt/pico-sdk/src/rp2_common/pico_printf/printf.c.o
[ 53%] Building C object CMakeFiles/ember_comms_can_bench.dir/opt/pico-sdk/src/rp2_common/hardware_xosc/xosc.c.o
[ 53%] Building ASM object CMakeFiles/ember_ihu_can_bench.dir/opt/pico-sdk/src/rp2_common/pico_crt0/crt0.S.o
[ 54%] Building C object CMakeFiles/ember_ihu_can_bench.dir/opt/pico-sdk/src/rp2_common/pico_clib_interface/newlib_interface.c.o
[ 55%] Building ASM object CMakeFiles/ember_comms_can_bench.dir/opt/pico-sdk/src/rp2_common/hardware_divider/divider.S.o
[ 55%] Building C object CMakeFiles/ember_ihu_can_bench.dir/opt/pico-sdk/src/rp2_common/pico_stdio/stdio.c.o
[ 55%] Building C object CMakeFiles/ember_comms_can_bench.dir/opt/pico-sdk/src/rp2_common/pico_runtime/runtime.c.o
[ 56%] Building C object CMakeFiles/ember_comms_can_bench.dir/opt/pico-sdk/src/rp2_common/pico_runtime_init/runtime_init.c.o
[ 57%] Building C object CMakeFiles/ember_ihu_can_bench.dir/opt/pico-sdk/src/rp2_common/pico_stdio_usb/reset_interface.c.o
[ 57%] Building C object CMakeFiles/ember_comms_can_bench.dir/opt/pico-sdk/src/rp2_common/pico_runtime_init/runtime_init_clocks.c.o
[ 57%] Building C object CMakeFiles/ember_ihu_can_bench.dir/opt/pico-sdk/src/rp2_common/pico_stdio_usb/stdio_usb.c.o
[ 58%] Building C object CMakeFiles/ember_ihu_can_bench.dir/opt/pico-sdk/src/rp2_common/pico_stdio_usb/stdio_usb_descriptors.c.o
[ 60%] Building C object CMakeFiles/ember_comms_can_bench.dir/opt/pico-sdk/src/rp2_common/pico_runtime_init/runtime_init_stack_guard.c.o
[ 60%] Building ASM object CMakeFiles/ember_comms_can_bench.dir/opt/pico-sdk/src/rp2_common/pico_bit_ops/bit_ops_aeabi.S.o
[ 60%] Building C object CMakeFiles/ember_ihu_can_bench.dir/opt/pico-sdk/src/rp2_common/pico_unique_id/unique_id.c.o
[ 61%] Building ASM object CMakeFiles/ember_comms_can_bench.dir/opt/pico-sdk/src/rp2_common/pico_divider/divider_hardware.S.o
[ 62%] Building C object CMakeFiles/ember_ihu_can_bench.dir/opt/pico-sdk/src/rp2_common/hardware_flash/flash.c.o
[ 62%] Building ASM object CMakeFiles/ember_comms_can_bench.dir/opt/pico-sdk/src/rp2_common/pico_double/double_aeabi_rp2040.S.o
[ 62%] Building C object CMakeFiles/ember_ihu_can_bench.dir/opt/pico-sdk/src/rp2_common/hardware_xip_cache/xip_cache.c.o
[ 63%] Building C object CMakeFiles/ember_comms_can_bench.dir/opt/pico-sdk/src/rp2_common/pico_double/double_init_rom_rp2040.c.o
[ 64%] Building C object CMakeFiles/ember_comms_can_bench.dir/opt/pico-sdk/src/rp2_common/pico_double/double_math.c.o
[ 64%] Building ASM object CMakeFiles/ember_comms_can_bench.dir/opt/pico-sdk/src/rp2_common/pico_double/double_v1_rom_shim_rp2040.S.o
[ 65%] Building ASM object CMakeFiles/ember_comms_can_bench.dir/opt/pico-sdk/src/rp2_common/pico_int64_ops/pico_int64_ops_aeabi.S.o
[ 65%] Building ASM object CMakeFiles/ember_comms_can_bench.dir/opt/pico-sdk/src/rp2_common/pico_float/float_aeabi_rp2040.S.o
[ 66%] Building C object CMakeFiles/ember_ihu_can_bench.dir/opt/pico-sdk/lib/tinyusb/src/portable/raspberrypi/rp2040/dcd_rp2040.c.o
[ 67%] Building C object CMakeFiles/ember_comms_can_bench.dir/opt/pico-sdk/src/rp2_common/pico_float/float_init_rom_rp2040.c.o
[ 67%] Building C object CMakeFiles/ember_comms_can_bench.dir/opt/pico-sdk/src/rp2_common/pico_float/float_math.c.o
[ 68%] Building ASM object CMakeFiles/ember_comms_can_bench.dir/opt/pico-sdk/src/rp2_common/pico_float/float_v1_rom_shim_rp2040.S.o
[ 68%] Building C object CMakeFiles/ember_comms_can_bench.dir/opt/pico-sdk/src/rp2_common/pico_malloc/malloc.c.o
[ 69%] Building ASM object CMakeFiles/ember_comms_can_bench.dir/opt/pico-sdk/src/rp2_common/pico_mem_ops/mem_ops_aeabi.S.o
[ 69%] Building C object CMakeFiles/ember_comms_can_bench.dir/opt/pico-sdk/src/rp2_common/pico_atomic/atomic.c.o
[ 69%] Building C object CMakeFiles/ember_ihu_can_bench.dir/opt/pico-sdk/lib/tinyusb/src/portable/raspberrypi/rp2040/rp2040_usb.c.o
[ 70%] Building CXX object CMakeFiles/ember_comms_can_bench.dir/opt/pico-sdk/src/rp2_common/pico_cxx_options/new_delete.cpp.o
[ 70%] Building C object CMakeFiles/ember_comms_can_bench.dir/opt/pico-sdk/src/rp2_common/pico_standard_binary_info/standard_binary_info.c.o
[ 71%] Building C object CMakeFiles/ember_ihu_can_bench.dir/opt/pico-sdk/lib/tinyusb/src/device/usbd.c.o
[ 72%] Building C object CMakeFiles/ember_comms_can_bench.dir/opt/pico-sdk/src/rp2_common/pico_printf/printf.c.o
[ 72%] Building ASM object CMakeFiles/ember_comms_can_bench.dir/opt/pico-sdk/src/rp2_common/pico_crt0/crt0.S.o
[ 73%] Building C object CMakeFiles/ember_comms_can_bench.dir/opt/pico-sdk/src/rp2_common/pico_clib_interface/newlib_interface.c.o
[ 73%] Building C object CMakeFiles/ember_comms_can_bench.dir/opt/pico-sdk/src/rp2_common/pico_stdio/stdio.c.o
[ 74%] Building C object CMakeFiles/ember_comms_can_bench.dir/opt/pico-sdk/src/rp2_common/pico_stdio_usb/reset_interface.c.o
[ 74%] Building C object CMakeFiles/ember_comms_can_bench.dir/opt/pico-sdk/src/rp2_common/pico_stdio_usb/stdio_usb.c.o
[ 75%] Building C object CMakeFiles/ember_comms_can_bench.dir/opt/pico-sdk/src/rp2_common/pico_stdio_usb/stdio_usb_descriptors.c.o
[ 75%] Building C object CMakeFiles/ember_ihu_can_bench.dir/opt/pico-sdk/lib/tinyusb/src/device/usbd_control.c.o
[ 75%] Building C object CMakeFiles/ember_comms_can_bench.dir/opt/pico-sdk/src/rp2_common/pico_unique_id/unique_id.c.o
[ 76%] Building C object CMakeFiles/ember_comms_can_bench.dir/opt/pico-sdk/src/rp2_common/hardware_flash/flash.c.o
[ 76%] Building C object CMakeFiles/ember_comms_can_bench.dir/opt/pico-sdk/src/rp2_common/hardware_xip_cache/xip_cache.c.o
[ 77%] Building C object CMakeFiles/ember_comms_can_bench.dir/opt/pico-sdk/lib/tinyusb/src/portable/raspberrypi/rp2040/dcd_rp2040.c.o
[ 78%] Building C object CMakeFiles/ember_ihu_can_bench.dir/opt/pico-sdk/lib/tinyusb/src/class/audio/audio_device.c.o
[ 78%] Building C object CMakeFiles/ember_comms_can_bench.dir/opt/pico-sdk/lib/tinyusb/src/portable/raspberrypi/rp2040/rp2040_usb.c.o
[ 80%] Building C object CMakeFiles/ember_comms_can_bench.dir/opt/pico-sdk/lib/tinyusb/src/device/usbd.c.o
[ 80%] Building C object CMakeFiles/ember_ihu_can_bench.dir/opt/pico-sdk/lib/tinyusb/src/class/cdc/cdc_device.c.o
[ 80%] Building C object CMakeFiles/ember_comms_can_bench.dir/opt/pico-sdk/lib/tinyusb/src/device/usbd_control.c.o
[ 81%] Building C object CMakeFiles/ember_comms_can_bench.dir/opt/pico-sdk/lib/tinyusb/src/class/audio/audio_device.c.o
[ 82%] Building C object CMakeFiles/ember_ihu_can_bench.dir/opt/pico-sdk/lib/tinyusb/src/class/dfu/dfu_device.c.o
[ 82%] Building C object CMakeFiles/ember_comms_can_bench.dir/opt/pico-sdk/lib/tinyusb/src/class/cdc/cdc_device.c.o
[ 82%] Building C object CMakeFiles/ember_ihu_can_bench.dir/opt/pico-sdk/lib/tinyusb/src/class/dfu/dfu_rt_device.c.o
[ 83%] Building C object CMakeFiles/ember_comms_can_bench.dir/opt/pico-sdk/lib/tinyusb/src/class/dfu/dfu_device.c.o
[ 84%] Building C object CMakeFiles/ember_ihu_can_bench.dir/opt/pico-sdk/lib/tinyusb/src/class/hid/hid_device.c.o
[ 84%] Building C object CMakeFiles/ember_comms_can_bench.dir/opt/pico-sdk/lib/tinyusb/src/class/dfu/dfu_rt_device.c.o
[ 84%] Building C object CMakeFiles/ember_ihu_can_bench.dir/opt/pico-sdk/lib/tinyusb/src/class/midi/midi_device.c.o
[ 85%] Building C object CMakeFiles/ember_comms_can_bench.dir/opt/pico-sdk/lib/tinyusb/src/class/hid/hid_device.c.o
[ 85%] Building C object CMakeFiles/ember_comms_can_bench.dir/opt/pico-sdk/lib/tinyusb/src/class/midi/midi_device.c.o
[ 87%] Building C object CMakeFiles/ember_ihu_can_bench.dir/opt/pico-sdk/lib/tinyusb/src/class/msc/msc_device.c.o
[ 87%] Building C object CMakeFiles/ember_comms_can_bench.dir/opt/pico-sdk/lib/tinyusb/src/class/msc/msc_device.c.o
[ 87%] Building C object CMakeFiles/ember_comms_can_bench.dir/opt/pico-sdk/lib/tinyusb/src/class/net/ecm_rndis_device.c.o
[ 88%] Building C object CMakeFiles/ember_comms_can_bench.dir/opt/pico-sdk/lib/tinyusb/src/class/net/ncm_device.c.o
[ 88%] Building C object CMakeFiles/ember_ihu_can_bench.dir/opt/pico-sdk/lib/tinyusb/src/class/net/ecm_rndis_device.c.o
[ 88%] Building C object CMakeFiles/ember_comms_can_bench.dir/opt/pico-sdk/lib/tinyusb/src/class/usbtmc/usbtmc_device.c.o
[ 89%] Building C object CMakeFiles/ember_comms_can_bench.dir/opt/pico-sdk/lib/tinyusb/src/class/vendor/vendor_device.c.o
[ 89%] Building C object CMakeFiles/ember_comms_can_bench.dir/opt/pico-sdk/lib/tinyusb/src/class/video/video_device.c.o
[ 91%] Building C object CMakeFiles/ember_ihu_can_bench.dir/opt/pico-sdk/lib/tinyusb/src/class/net/ncm_device.c.o
[ 91%] Building C object CMakeFiles/ember_comms_can_bench.dir/opt/pico-sdk/lib/tinyusb/src/tusb.c.o
[ 91%] Building C object CMakeFiles/ember_comms_can_bench.dir/opt/pico-sdk/lib/tinyusb/src/common/tusb_fifo.c.o
[ 91%] Building C object CMakeFiles/ember_ihu_can_bench.dir/opt/pico-sdk/lib/tinyusb/src/class/usbtmc/usbtmc_device.c.o
[ 92%] Building C object CMakeFiles/ember_ihu_can_bench.dir/opt/pico-sdk/lib/tinyusb/src/class/vendor/vendor_device.c.o
[ 93%] Building C object CMakeFiles/ember_comms_can_bench.dir/opt/pico-sdk/src/rp2_common/pico_fix/rp2040_usb_device_enumeration/rp2040_usb_device_enumeration.c.o
[ 93%] Building C object CMakeFiles/ember_comms_can_bench.dir/opt/pico-sdk/src/rp2_common/pico_rand/rand.c.o
[ 94%] Building C object CMakeFiles/ember_comms_can_bench.dir/opt/pico-sdk/src/rp2_common/hardware_spi/spi.c.o
[ 94%] Building C object CMakeFiles/ember_ihu_can_bench.dir/opt/pico-sdk/lib/tinyusb/src/class/video/video_device.c.o
[ 95%] Building C object CMakeFiles/ember_ihu_can_bench.dir/opt/pico-sdk/lib/tinyusb/src/tusb.c.o
[ 95%] Building C object CMakeFiles/ember_ihu_can_bench.dir/opt/pico-sdk/lib/tinyusb/src/common/tusb_fifo.c.o
[ 95%] Building C object CMakeFiles/ember_comms_can_bench.dir/opt/pico-sdk/src/rp2_common/hardware_i2c/i2c.c.o
[ 96%] Building C object CMakeFiles/ember_ihu_can_bench.dir/opt/pico-sdk/src/rp2_common/pico_fix/rp2040_usb_device_enumeration/rp2040_usb_device_enumeration.c.o
[ 96%] Building C object CMakeFiles/ember_ihu_can_bench.dir/opt/pico-sdk/src/rp2_common/pico_rand/rand.c.o
[ 97%] Building C object CMakeFiles/ember_ihu_can_bench.dir/opt/pico-sdk/src/rp2_common/hardware_spi/spi.c.o
[ 98%] Linking CXX executable ember_comms_can_bench.elf
[ 98%] Building C object CMakeFiles/ember_ihu_can_bench.dir/opt/pico-sdk/src/rp2_common/hardware_i2c/i2c.c.o
[ 98%] Built target ember_comms_can_bench
[100%] Linking CXX executable ember_ihu_can_bench.elf
[100%] Built target ember_ihu_can_bench
