PICO_SDK_PATH is /opt/pico-sdk
Target board (PICO_BOARD) is 'ember_can_feather'.
Using board configuration from /workspace/MSU_Cubesat/ember-autotelem-20261003/firmware/can_feather_bench/boards/ember_can_feather.h
Defaulting platform (PICO_PLATFORM) to 'rp2040' based on PICO_BOARD setting.
Defaulting compiler (PICO_COMPILER) to 'pico_arm_cortex_m0plus_gcc' since not specified.
Configuring toolchain based on PICO_COMPILER 'pico_arm_cortex_m0plus_gcc'
Defaulting PICO_GCC_TRIPLE to 'arm-none-eabi'
-- The C compiler identification is GNU 14.2.1
-- The CXX compiler identification is GNU 14.2.1
-- The ASM compiler identification is GNU
-- Found assembler: /usr/bin/arm-none-eabi-gcc
-- Detecting C compiler ABI info
-- Detecting C compiler ABI info - done
-- Check for working C compiler: /usr/bin/arm-none-eabi-gcc - skipped
-- Detecting C compile features
-- Detecting C compile features - done
-- Detecting CXX compiler ABI info
-- Detecting CXX compiler ABI info - done
-- Check for working CXX compiler: /usr/bin/arm-none-eabi-g++ - skipped
-- Detecting CXX compile features
-- Detecting CXX compile features - done
Build type is Release
-- Found Python3: /usr/bin/python3 (found version "3.13.5") found components: Interpreter
TinyUSB available at /opt/pico-sdk/lib/tinyusb/src/portable/raspberrypi/rp2040; enabling build support for USB.
BTstack available at /opt/pico-sdk/lib/btstack
cyw43-driver available at /opt/pico-sdk/lib/cyw43-driver
lwIP available at /opt/pico-sdk/lib/lwip
mbedtls available at /opt/pico-sdk/lib/mbedtls
CMake Warning at /opt/pico-sdk/tools/Findpicotool.cmake:30 (message):
  No installed picotool with version 2.1.1 found - building from source

  It is recommended to build and install picotool separately, or to set
  PICOTOOL_FETCH_FROM_GIT_PATH to a common directory for all your SDK
  projects
Call Stack (most recent call first):
  /opt/pico-sdk/tools/CMakeLists.txt:138 (find_package)
  /opt/pico-sdk/tools/CMakeLists.txt:493 (pico_init_picotool)
  /opt/pico-sdk/src/cmake/on_device.cmake:56 (picotool_postprocess_binary)
  CMakeLists.txt:37 (pico_add_extra_outputs)


Downloading Picotool
-- Configuring done (1.7s)
-- Generating done (0.1s)
-- Build files have been written to: /workspace/MSU_Cubesat/ember-autotelem-20261003/build
