Loading into Flash:   [                              ]  0%
Loading into Flash:   [==                            ]  7%
Loading into Flash:   [====                          ]  14%
Loading into Flash:   [======                        ]  21%
Loading into Flash:   [========                      ]  28%
Loading into Flash:   [==========                    ]  35%
Loading into Flash:   [============                  ]  42%
Loading into Flash:   [==============                ]  49%
Loading into Flash:   [================              ]  56%
Loading into Flash:   [==================            ]  63%
Loading into Flash:   [=====================         ]  70%
Loading into Flash:   [=======================       ]  77%
Loading into Flash:   [=========================     ]  84%
Loading into Flash:   [===========================   ]  91%
Loading into Flash:   [============================= ]  98%
Loading into Flash:   [==============================]  100%
Verifying Flash:      [                              ]  0%
Verifying Flash:      [==                            ]  7%
Verifying Flash:      [====                          ]  14%
Verifying Flash:      [======                        ]  21%
Verifying Flash:      [========                      ]  28%
Verifying Flash:      [==========                    ]  35%
Verifying Flash:      [============                  ]  42%
Verifying Flash:      [==============                ]  49%
Verifying Flash:      [================              ]  56%
Verifying Flash:      [==================            ]  63%
Verifying Flash:      [=====================         ]  70%
Verifying Flash:      [=======================       ]  77%
Verifying Flash:      [=========================     ]  84%
Verifying Flash:      [===========================   ]  91%
Verifying Flash:      [============================= ]  98%
Verifying Flash:      [==============================]  100%
  OK

The device was rebooted to start the application.
