[INFO] [UHD] linux; GNU C++ version 13.3.0; Boost_108400; UHD_4.8.0.HEAD-release
[INFO] [MPMD] Initializing 1 device(s) in parallel with args: mgmt_addr=127.0.0.1,type=sdrb,product=sdrb,serial=0AB90219,name=sdrb-uhd,fpga=n/a,claimed=False
UUusrp_sink :error: In the last 9209 ms, 1 underflows occurred.
usrp_source :error: In the last 3954 ms, 1 overflows occurred.
DBINARY_RADIO_READY {"settings": {"mode": "transponder", "rate": 750000, "socket": "/home/petalinux/.cache/ember-binary-radio/control.sock", "output": "/home/petalinux/ember-persistent-radio-04", "seconds": 120, "tx_frequency": 434200000.0, "tx_gain": 70.0, "rx_frequency": 435100000.0, "rx_gain": 30.0, "passband": 20000, "transition": 20000, "forward_scale": 0.5, "transmit": true}, "status": {"accepted": 0, "queued": 0, "expired": 0, "queue_full": 0, "emitted": 0, "output_samples": 788256, "writer_error": null, "accepting": true, "recent_packets": [], "note": "Downstream samples are not RF reception", "mode": "transponder"}}
UUUusrp_sink :error: In the last 7432 ms, 2 underflows occurred.
Uusrp_source :error: In the last 7424 ms, 1 overflows occurred.
DDUDUUUUUUUUUUUUUUUUUUDDDDUusrp_sink :error: In the last 1020 ms, 23 underflows occurred.
UUUUUUusrp_source :error: In the last 1150 ms, 7 overflows occurred.
DDUUDUUUUUUDUUUDUUDUUUUDUUUUDUUUUUUUUUDUDUUUUDUUusrp_sink :error: In the last 762 ms, 44 underflows occurred.
UUDUUUDUUUUDUUDusrp_source :error: In the last 775 ms, 14 overflows occurred.
UDDDUusrp_sink :error: In the last 7471 ms, 12 underflows occurred.
UUUUUUUUUUUUUUUUUUUUusrp_source :error: In the last 7437 ms, 4 overflows occurred.
DUUUDUDUDUDUUUUDUDDDUUUUusrp_sink :error: In the last 1375 ms, 32 underflows occurred.
UUUUUUUUUUUUUUUUUusrp_source :error: In the last 1354 ms, 9 overflows occurred.
DUUUUUDUUUDDDDUusrp_sink :error: In the last 6811 ms, 29 underflows occurred.
Uusrp_source :error: In the last 6712 ms, 6 overflows occurred.
DUUUUUUUUUUUUUUUUDUUUUUUDUUDUDUUUUDUUDUUUUUDUUUUUDUUUUUDUUUUUUUUUUUDUUUUDUUUUUUDUUUUUDUusrp_sink :error: In the last 758 ms, 75 underflows occurred.
UUUUUUusrp_source :error: In the last 771 ms, 14 overflows occurred.
DUUDDDDUusrp_sink :error: In the last 1165 ms, 8 underflows occurred.
UUUUUUUUUUUUUUUUUUDusrp_source :error: In the last 1285 ms, 5 overflows occurred.
UUUDUUDUUDUDUUDUDDusrp_sink :error: In the last 6897 ms, 30 underflows occurred.
UUUUUusrp_source :error: In the last 6875 ms, 8 overflows occurred.
DDDUUUUUusrp_sink :error: In the last 764 ms, 9 underflows occurred.
UUDUUUUDUUUUUUUUUUDusrp_source :error: In the last 842 ms, 5 overflows occurred.
UUDUUDDUDDDDUusrp_sink :error: In the last 1641 ms, 22 underflows occurred.
UUUusrp_source :error: In the last 1567 ms, 8 overflows occurred.
DDusrp_source :error: In the last 41659 ms, 2 overflows occurred.
Dusrp_source :error: In the last 2623 ms, 1 overflows occurred.
DUusrp_sink :error: In the last 44461 ms, 4 underflows occurred.
DUUUUUUUUUUUUDDDDUUUUUDUDDDBINARY_RADIO_STOPPED {"settings": {"mode": "transponder", "rate": 750000, "socket": "/home/petalinux/.cache/ember-binary-radio/control.sock", "output": "/home/petalinux/ember-persistent-radio-04", "seconds": 120, "tx_frequency": 434200000.0, "tx_gain": 70.0, "rx_frequency": 435100000.0, "rx_gain": 30.0, "passband": 20000, "transition": 20000, "forward_scale": 0.5, "transmit": true}, "status": {"accepted": 3, "queued": 0, "expired": 0, "queue_full": 0, "emitted": 3, "output_samples": 60117066, "writer_error": null, "accepting": false, "recent_packets": [{"sequence": 1, "begin": 13500416, "end": 14340416, "emitted": true}, {"sequence": 2, "begin": 19976512, "end": 20816512, "emitted": true}, {"sequence": 3, "begin": 26583680, "end": 27423680, "emitted": true}], "note": "Downstream samples are not RF reception", "mode": "transponder"}, "error": null, "cleanup_errors": [], "elapsed_seconds": 81.01219160399978, "scope": "Persistent bench sample submission; RF reception and repeater operation require independent proof"}
