ERC report (2026-09-09T11:47:08, Encoding UTF8)
Report includes: Errors, Warnings, Exclusions

***** Sheet /

***** Sheet /Clock Gen/

***** Sheet /Connectors/

***** Sheet /Digital Control/

***** Sheet /Power/

***** Sheet /RX Chain/
[pin_to_pin]: Conflict problem between pins
    ; warning (excluded)
    @(8900 mils, 3950 mils): Symbol Q4 Pin 3 [C, Passive, Line]
    @(8900 mils, 8650 mils): Symbol #FLG06 Pin 1 [Power output, Line]

***** Sheet /TX Chain/
[pin_to_pin]: Conflict problem between pins
    ; warning (excluded)
    @(7500 mils, 4700 mils): Symbol Q3 Pin 3 [C, Passive, Line]
    @(8900 mils, 8650 mils): Symbol #FLG06 Pin 1 [Power output, Line]

***** Sheet /Single Antenna RF Switch/
[same_local_global_label]: Local and global labels have same name
    ; warning
    @(5600 mils, 5550 mils): Global Label 'GND'
    @(9400 mils, 4400 mils): Label 'GND'

 ** ERC messages: 3  Errors 0  Warnings 3

 ** Ignored checks:
    - Global label only appears once in the schematic
    - Four connection points are joined together
    - SPICE model issue
    - Assigned footprint doesn't match footprint filters
