[INFO] [UHD] linux; GNU C++ version 13.3.0; Boost_108400; UHD_4.8.0.HEAD-release
[INFO] [MPMD] Initializing 1 device(s) in parallel with args: mgmt_addr=127.0.0.1,type=sdrb,product=sdrb,serial=0AB90219,name=sdrb-uhd,fpga=n/a,claimed=False
UUUUUUusrp_sink :error: In the last 5205 ms, 1 underflows occurred.
UUUUUUUUUUUUUUUUUUUUUUUUUUUUUUUDusrp_source :error: In the last 2275 ms, 1 overflows occurred.
UUUUUUDUUUUUDUUUUUDUUUUUDUUUUUUDUUUUUUUUUUDUUUUUUUUUUUUUUDUUUUUUUUUUDUUUUUDUUUUUUUDUUUUUUUUUDUUUUUDUUUUUUUDUUUUUUUUUUUUUUDUUUUUUDUUUUUDUUUUUDUUUUUUDUUUUUUUUDUUUUUUUUUUUDUUUUUUUUUUUUUUUUUUDUUUUOUUUUUUUUUUUUUUUUUUUUDDUusrp_sink :error: In the last 775 ms, 228 underflows occurred.
UUUUDUUUUUUUUUUUUUUUUUUUUUUUUUUUUUUUOUUUUUUUUUUUUUUUUUUUUUusrp_source :error: In the last 979 ms, 26 overflows occurred.
UUUUUUUUUUUUUUUUUUUUUUUUUUUUUUUUUUOUUUUUUUUUUUUUUUUUUUUUUUUUUUUUUUUUUUUUUUUUUUUUUUUUUUUUUUusrp_sink :error: In the last 750 ms, 146 underflows occurred.
UUUUUUUUUUUUUUUUUUUUUUUUDUUUUUUDUUUUUUDUUUUUDUBINARY_RADIO_READY {"settings": {"mode": "transponder", "socket": "/home/petalinux/.cache/ember-binary-radio/control.sock", "output": "/home/petalinux/ember-persistent-radio-02", "seconds": 150, "tx_frequency": 434200000.0, "tx_gain": 70.0, "rx_frequency": 435100000.0, "rx_gain": 30.0, "passband": 20000, "transition": 20000, "forward_scale": 0.5, "transmit": true}, "status": {"accepted": 0, "queued": 0, "expired": 0, "queue_full": 0, "emitted": 0, "output_samples": 1560068, "writer_error": null, "accepting": true, "recent_packets": [], "note": "Downstream samples are not RF reception", "mode": "transponder"}}
UUUUDUUUUUUUDUUUUUUUUUUUUUUusrp_source :error: In the last 771 ms, 8 overflows occurred.
UDUUUUUUUUUUUDUUUUUUUUUUUUUDUUUUUUUUDUUUUUUUUUUDUUUUUUDUUUUUDUUUUUDUUUUUDUUUUDUUUUUUDUUUUUUUUDUUUUUUUUUUUUUDUUUUUUDUUUUUUUDUUUUusrp_sink :error: In the last 750 ms, 179 underflows occurred.
UUDUUUUUUUUDUUUUUUUDUUUUDUUUUUUUUUUUUUDUUUUUUUUUDUUUUUDUUUUUUDUUUUUDUUUUUUUUDUUUUUUUDUUUUDusrp_source :error: In the last 767 ms, 26 overflows occurred.
UUUUUUDUUUUUUUDUUUUUDUUUUUUUUDUUUUDUUUUUUUUDUUDUUUUUDUUUUUUDUUUUUUUUUDUUUUUUDUUUUUUUUUUDUUUUUUUUUUUUUDUUUUUUUUusrp_sink :error: In the last 755 ms, 174 underflows occurred.
DUUUUUUDUUUUUDUUUUUDUUUUUUDUUUUUUUUDUUUUUDUUUUUDUUUUUUUUUUDUUUUUDUUUUUDUUUUUUDUUUUusrp_source :error: In the last 762 ms, 26 overflows occurred.
DUUUUUUDUUUUUDUUUUUUDUUUUUDUUUUDUUUUUUDUUUUUUDUUUUDUUUUUDUUUUUDUUUUUDUUUUUUUDUUUUUDUUUUUDUUUUUusrp_sink :error: In the last 752 ms, 149 underflows occurred.
DUUUUUUDUUUUUUUUDUUUUUUUUUUUUDUUUUUDUUUUUUUUDUUUUUUUUUUDUUUUUUUUUDUUUUUUUDUUUUUUUUUUDUUUUUDUUUUUUUUDusrp_source :error: In the last 758 ms, 26 overflows occurred.
UUUUUUUUDUUUUUUUUUUUUUDUUUUUUUUUUUUUUDUUUUUUUUUUDUUUUUUUUUDUUUUUUDUUUUUUUUDUUUDUUUDUUUUUDUUDUUUUUDUUUUUUUUUUDUUUUusrp_sink :error: In the last 752 ms, 188 underflows occurred.
UUUUDUUUUUUUDUUUUUUUDUUUUUDUUUUUDUUUUUDUUUUUUDUUUUUDUUUUUUUUUUUDUUUUUOUUUUUUDUUUUUUDUUUUUusrp_source :error: In the last 750 ms, 25 overflows occurred.
DUUUUUUUUUUUUUUUUUUUUUUUUUUUUUUUUUUUUUUUUUUUUUUUUUUUUUUUUUUUUUUUUUUUUUUUUDUUUUUUUUDUUUUUDUusrp_sink :error: In the last 752 ms, 163 underflows occurred.
UUUUUUUUUUUUUDUUUUUUUUUDUUUUUUUUUUUUUDUUUUUDUUUUUDUUUUDUUUUUUDUUUUUDUUUUUUUUUUUUDUUUUUUUUUUUDUUUUUUDUUUUUusrp_source :error: In the last 774 ms, 16 overflows occurred.
DUUUUUUUUUUUUDUUUUUUUUUDUUUUUDUUUUUUDUUUUUUDUUUUUDUUUUUUDUUUUUDUUUUUDUUUUUUUUUUUUUUDUUUUUDUUUUUUUDUUUUUUUDUusrp_sink :error: In the last 753 ms, 187 underflows occurred.
UUUUUDUUUUUUUUUUUDUUUUUUUUUUUUUDUUUUUUUUUUUUDUUUUUUUUUUDUUUUUUUUUUUUUUDUUUUDUUUUUUUUDUUUUDUUUUUDUUUUUDUUUUUUUusrp_source :error: In the last 760 ms, 25 overflows occurred.
DUUUUUUDUUUUUUUUUUDUUUUUUUUUDUUUUUUUUUUUUUUDUUUUUUUUDUUUUUOUUDUUUUUUDUUUUUDUUUUUUUUUUUUUUUUUusrp_sink :error: In the last 754 ms, 181 underflows occurred.
UUUUUUUUUUUUUUUUUUUUUUUUUUUUUUUUUUUUUUUUUUUUUUUUUUDUUUUUUDUUUUUDUUUUUUDUUUUUDUUUUUusrp_source :error: In the last 752 ms, 15 overflows occurred.
UDUUUUDUUUUUUUDUUUUUUUUUUDUUUUUUUUUUDUUUUUUUUUUDUUUUUUUUUDUUUUUUUUUUUUDUUUUUUUUUUUUDUUUUUUUUDUUUUUDUUUUUUUUUUUUDUUUUUUUDUUUUUUUusrp_sink :error: In the last 750 ms, 191 underflows occurred.
UUUUDUUUUUUUUUUUUDUUUUUUUUUDUUUUUUUUUUUUUUUUDUUUUUUUUUUUDUUUUDUUUUUDUUUUUUDUUUUDUUUUUDUUUUUUUUDUUUUUUUUUUUUODusrp_source :error: In the last 757 ms, 24 overflows occurred.
UUUUUDUUUUDUUUUUDUUUUUUUUUUUUUUUUUUUUUUUUUUUUUUUUUUUUUUUUUUUUUUUUUUUUUUusrp_sink :error: In the last 753 ms, 163 underflows occurred.
UUUDUUUUUDUUUUUUUUDUUUUUUUDUUUUDUUUUUUDUUUUUUUUUDUUUUUUUUUDUUUUUUUUDUUUUUUUDUUUUUUUDUUUUUUUUUusrp_source :error: In the last 766 ms, 16 overflows occurred.
DUUUUUUUUDUUUUUUUDUUUUUUUDUUUUUUDUUUUUUUDUUUUUUUUUUUUDUUUUUUUUUUUUUDUUUUUUUUUUUDUUUUUUDUUUUUUUUUUUDUUUUUUUusrp_sink :error: In the last 750 ms, 177 underflows occurred.
DUUUUUUUUUUUUUUUDUUUUUUDUUUUDUUUUUUUUUDUUUUUUUUUUDUUUUUDUUUUUUUUUUUUUDUUUUUUUUUUUDUUUUUUUUUUUUDUUUUUUUUUUUusrp_source :error: In the last 798 ms, 21 overflows occurred.
DUUUUUUUUUUUUDUUUUUUUUUUDUUUUUUUUUUUUUUUUUUDUUUUUUUUUUUUUDUUUUUUUUUUUDUUUUUUDUUUUDUUUusrp_sink :error: In the last 756 ms, 174 underflows occurred.
UUOUUUUUUUUDUUUUDUUDUUUUUUUUUUUUUUUUUUUUOUUUUUUUUUUUUUUUUUUUDUUUUusrp_sink :error: In the last 1392 ms, 57 underflows occurred.
Uthread_body_wrapper :error: ERROR thread[thread-per-block[0]: <block usrp_source(4)>]: RfnocError: OpTimeout: Control operation timed out waiting for ACK
BINARY_RADIO_STOPPED {"settings": {"mode": "transponder", "socket": "/home/petalinux/.cache/ember-binary-radio/control.sock", "output": "/home/petalinux/ember-persistent-radio-02", "seconds": 150, "tx_frequency": 434200000.0, "tx_gain": 70.0, "rx_frequency": 435100000.0, "rx_gain": 30.0, "passband": 20000, "transition": 20000, "forward_scale": 0.5, "transmit": true}, "status": {"accepted": 0, "queued": 0, "expired": 0, "queue_full": 0, "emitted": 0, "output_samples": 9014796, "writer_error": null, "accepting": false, "recent_packets": [], "note": "Downstream samples are not RF reception", "mode": "transponder"}, "error": "No downstream sample progress for five seconds", "cleanup_errors": [], "elapsed_seconds": 17.807711468999514, "scope": "Persistent bench sample submission; RF reception and repeater operation require independent proof"}
Traceback (most recent call last):
  File "/home/petalinux/ember-uhf-20261003/radio_service.py", line 150, in <module>
    if __name__=='__main__':main()
                            ^^^^^^
  File "/home/petalinux/ember-uhf-20261003/radio_service.py", line 125, in main
    if now-last_progress>5:raise RuntimeError('No downstream sample progress for five seconds')
                           ^^^^^^^^^^^^^^^^^^^^^^^^^^^^^^^^^^^^^^^^^^^^^^^^^^^^^^^^^^^^^^^^^^^^
RuntimeError: No downstream sample progress for five seconds
usrp_sink :error: In the last 6612 ms, 2 underflows occurred.
