ERC report (2026-10-04T11:00:21, Encoding UTF8)
Report includes: Errors, Warnings, Exclusions

***** Sheet /
[lib_symbol_mismatch]: Symbol 'MCP25625x-x-SS' doesn't match copy in library 'Interface_CAN_LIN'
    ; warning
    @(10750 mils, 3700 mils): Symbol U1 [MCP25625x-x-SS]
[lib_symbol_mismatch]: Symbol 'MCP25625x-x-SS' doesn't match copy in library 'Interface_CAN_LIN'
    ; warning
    @(10750 mils, 7900 mils): Symbol U4 [MCP25625x-x-SS]

***** Sheet /Clock Gen/

***** Sheet /Connectors/

***** Sheet /Digital Control/

***** Sheet /Power/

***** Sheet /RX Chain/

***** Sheet /TX Chain/

***** Sheet /Single Antenna RF Switch/

 ** ERC messages: 2  Errors 0  Warnings 2

 ** Ignored checks:
    - Global label only appears once in the schematic
    - Four connection points are joined together
    - SPICE model issue
    - Assigned footprint doesn't match footprint filters
